node_modules/@react-leaflet/core/lib/component.d.ts(1,8): error TS1259: Module '"D:/personal/food-recuse/node_modules/@types/react/index"' can only be default-imported using the 'esModuleInterop' flag
node_modules/next/dist/build/templates/app-page.d.ts(3,25): error TS2307: Cannot find module 'VAR_MODULE_GLOBAL_ERROR' or its corresponding type declarations.
node_modules/next/dist/build/webpack-config.d.ts(10,104): error TS2694: Namespace '"D:/personal/food-recuse/node_modules/next/dist/compiled/webpack/webpack".webpack' has no exported member 'RuleSetUseItem'.
node_modules/next/dist/build/webpack/loaders/next-app-loader/index.d.ts(1,13): error TS2613: Module '"D:/personal/food-recuse/node_modules/next/dist/compiled/webpack/webpack"' has no default export. Did you mean to use 'import { webpack } from "D:/personal/food-recuse/node_modules/next/dist/compiled/webpack/webpack"' instead?
node_modules/next/dist/client/components/error-boundary.d.ts(1,8): error TS1259: Module '"D:/personal/food-recuse/node_modules/@types/react/index"' can only be default-imported using the 'esModuleInterop' flag
node_modules/next/dist/client/components/http-access-fallback/error-boundary.d.ts(11,8): error TS1259: Module '"D:/personal/food-recuse/node_modules/@types/react/index"' can only be default-imported using the 'esModuleInterop' flag
node_modules/next/dist/client/components/layout-router.d.ts(2,8): error TS1259: Module '"D:/personal/food-recuse/node_modules/@types/react/index"' can only be default-imported using the 'esModuleInterop' flag
node_modules/next/dist/client/image-component.d.ts(1,8): error TS1259: Module '"D:/personal/food-recuse/node_modules/@types/react/index"' can only be default-imported using the 'esModuleInterop' flag
node_modules/next/dist/client/with-router.d.ts(1,8): error TS1259: Module '"D:/personal/food-recuse/node_modules/@types/react/index"' can only be default-imported using the 'esModuleInterop' flag
node_modules/next/dist/lib/metadata/metadata.d.ts(1,8): error TS1259: Module '"D:/personal/food-recuse/node_modules/@types/react/index"' can only be default-imported using the 'esModuleInterop' flag
node_modules/next/dist/next-devtools/userspace/pages/pages-dev-overlay-setup.d.ts(1,8): error TS1259: Module '"D:/personal/food-recuse/node_modules/@types/react/index"' can only be default-imported using the 'esModuleInterop' flag
node_modules/next/dist/server/app-render/entry-base.d.ts(1,114): error TS2307: Cannot find module 'react-server-dom-webpack/server' or its corresponding type declarations.
node_modules/next/dist/server/app-render/entry-base.d.ts(2,27): error TS2307: Cannot find module 'react-server-dom-webpack/static' or its corresponding type declarations.
node_modules/next/dist/server/web/spec-extension/adapters/headers.d.ts(39,16): error TS2304: Cannot find name 'HeadersIterator'.
node_modules/next/dist/server/web/spec-extension/adapters/headers.d.ts(40,13): error TS2304: Cannot find name 'HeadersIterator'.
node_modules/next/dist/server/web/spec-extension/adapters/headers.d.ts(41,15): error TS2304: Cannot find name 'HeadersIterator'.
node_modules/next/dist/server/web/spec-extension/adapters/headers.d.ts(42,26): error TS2304: Cannot find name 'HeadersIterator'.
node_modules/next/dist/shared/lib/app-router-context.shared-runtime.d.ts(4,8): error TS1259: Module '"D:/personal/food-recuse/node_modules/@types/react/index"' can only be default-imported using the 'esModuleInterop' flag
node_modules/next/dist/shared/lib/app-router-types.d.ts(7,13): error TS1259: Module '"D:/personal/food-recuse/node_modules/@types/react/index"' can only be default-imported using the 'esModuleInterop' flag
node_modules/next/dist/shared/lib/head-manager-context.shared-runtime.d.ts(1,8): error TS1259: Module '"D:/personal/food-recuse/node_modules/@types/react/index"' can only be default-imported using the 'esModuleInterop' flag
node_modules/next/dist/shared/lib/image-config-context.shared-runtime.d.ts(1,8): error TS1259: Module '"D:/personal/food-recuse/node_modules/@types/react/index"' can only be default-imported using the 'esModuleInterop' flag
node_modules/next/dist/shared/lib/loadable-context.shared-runtime.d.ts(1,8): error TS1259: Module '"D:/personal/food-recuse/node_modules/@types/react/index"' can only be default-imported using the 'esModuleInterop' flag
node_modules/next/dist/shared/lib/loadable.shared-runtime.d.ts(21,8): error TS1259: Module '"D:/personal/food-recuse/node_modules/@types/react/index"' can only be default-imported using the 'esModuleInterop' flag
node_modules/next/dist/shared/lib/router-context.shared-runtime.d.ts(1,8): error TS1259: Module '"D:/personal/food-recuse/node_modules/@types/react/index"' can only be default-imported using the 'esModuleInterop' flag
node_modules/next/dist/shared/lib/server-inserted-html.shared-runtime.d.ts(1,8): error TS1259: Module '"D:/personal/food-recuse/node_modules/@types/react/index"' can only be default-imported using the 'esModuleInterop' flag
node_modules/next/dist/shared/lib/utils.d.ts(10,13): error TS1192: Module '"fs"' has no default export.
node_modules/react-leaflet/lib/LayersControl.d.ts(2,8): error TS1259: Module '"D:/personal/food-recuse/node_modules/@types/react/index"' can only be default-imported using the 'esModuleInterop' flag
node_modules/react-leaflet/lib/MapContainer.d.ts(2,8): error TS1259: Module '"D:/personal/food-recuse/node_modules/@types/react/index"' can only be default-imported using the 'esModuleInterop' flag
node_modules/react-leaflet/lib/Pane.d.ts(1,8): error TS1259: Module '"D:/personal/food-recuse/node_modules/@types/react/index"' can only be default-imported using the 'esModuleInterop' flag
src/components/features/marketplace/MapView.tsx(8,22): error TS6142: Module '../FoodCard' was resolved to 'D:/personal/food-recuse/src/components/features/FoodCard.tsx', but '--jsx' is not set.
src/components/features/marketplace/MapView.tsx(13,49): error TS2307: Cannot find module '@/lib/mapIcons' or its corresponding type declarations.
src/components/features/marketplace/MapView.tsx(14,51): error TS2307: Cannot find module '@/lib/geolocation' or its corresponding type declarations.
src/components/features/marketplace/MapView.tsx(125,5): error TS17004: Cannot use JSX unless the '--jsx' flag is provided.
src/components/features/marketplace/MapView.tsx(128,9): error TS17004: Cannot use JSX unless the '--jsx' flag is provided.
src/components/features/marketplace/MapView.tsx(130,11): error TS17004: Cannot use JSX unless the '--jsx' flag is provided.
src/components/features/marketplace/MapView.tsx(132,15): error TS17004: Cannot use JSX unless the '--jsx' flag is provided.
src/components/features/marketplace/MapView.tsx(139,13): error TS17004: Cannot use JSX unless the '--jsx' flag is provided.
src/components/features/marketplace/MapView.tsx(143,15): error TS17004: Cannot use JSX unless the '--jsx' flag is provided.
src/components/features/marketplace/MapView.tsx(145,13): error TS17004: Cannot use JSX unless the '--jsx' flag is provided.
src/components/features/marketplace/MapView.tsx(150,11): error TS17004: Cannot use JSX unless the '--jsx' flag is provided.
src/components/features/marketplace/MapView.tsx(151,13): error TS17004: Cannot use JSX unless the '--jsx' flag is provided.
src/components/features/marketplace/MapView.tsx(152,15): error TS17004: Cannot use JSX unless the '--jsx' flag is provided.
src/components/features/marketplace/MapView.tsx(156,13): error TS17004: Cannot use JSX unless the '--jsx' flag is provided.
src/components/features/marketplace/MapView.tsx(160,13): error TS17004: Cannot use JSX unless the '--jsx' flag is provided.
src/components/features/marketplace/MapView.tsx(161,15): error TS17004: Cannot use JSX unless the '--jsx' flag is provided.
src/components/features/marketplace/MapView.tsx(162,17): error TS17004: Cannot use JSX unless the '--jsx' flag is provided.
src/components/features/marketplace/MapView.tsx(165,15): error TS17004: Cannot use JSX unless the '--jsx' flag is provided.
src/components/features/marketplace/MapView.tsx(170,13): error TS17004: Cannot use JSX unless the '--jsx' flag is provided.
src/components/features/marketplace/MapView.tsx(174,13): error TS17004: Cannot use JSX unless the '--jsx' flag is provided.
src/components/features/marketplace/MapView.tsx(175,15): error TS17004: Cannot use JSX unless the '--jsx' flag is provided.
src/components/features/marketplace/MapView.tsx(176,17): error TS17004: Cannot use JSX unless the '--jsx' flag is provided.
src/components/features/marketplace/MapView.tsx(179,17): error TS17004: Cannot use JSX unless the '--jsx' flag is provided.
src/components/features/marketplace/MapView.tsx(183,15): error TS17004: Cannot use JSX unless the '--jsx' flag is provided.
src/components/features/marketplace/MapView.tsx(188,13): error TS17004: Cannot use JSX unless the '--jsx' flag is provided.
src/components/features/marketplace/MapView.tsx(193,15): error TS17004: Cannot use JSX unless the '--jsx' flag is provided.
src/components/features/marketplace/MapView.tsx(199,15): error TS17004: Cannot use JSX unless the '--jsx' flag is provided.
src/components/features/marketplace/MapView.tsx(200,17): error TS17004: Cannot use JSX unless the '--jsx' flag is provided.
src/components/features/marketplace/MapView.tsx(201,17): error TS17004: Cannot use JSX unless the '--jsx' flag is provided.
src/components/features/marketplace/MapView.tsx(203,21): error TS17004: Cannot use JSX unless the '--jsx' flag is provided.
src/components/features/marketplace/MapView.tsx(208,23): error TS17004: Cannot use JSX unless the '--jsx' flag is provided.
src/components/features/marketplace/MapView.tsx(209,25): error TS17004: Cannot use JSX unless the '--jsx' flag is provided.
src/components/features/marketplace/MapView.tsx(211,23): error TS17004: Cannot use JSX unless the '--jsx' flag is provided.
src/components/features/marketplace/MapView.tsx(212,25): error TS17004: Cannot use JSX unless the '--jsx' flag is provided.
src/components/features/marketplace/MapView.tsx(213,25): error TS17004: Cannot use JSX unless the '--jsx' flag is provided.
src/components/features/marketplace/MapView.tsx(224,7): error TS17004: Cannot use JSX unless the '--jsx' flag is provided.
src/components/features/marketplace/MapView.tsx(225,9): error TS17004: Cannot use JSX unless the '--jsx' flag is provided.
src/components/features/marketplace/MapView.tsx(230,11): error TS17004: Cannot use JSX unless the '--jsx' flag is provided.
src/components/features/marketplace/MapView.tsx(233,9): error TS17004: Cannot use JSX unless the '--jsx' flag is provided.
src/components/features/marketplace/MapView.tsx(237,25): error TS17004: Cannot use JSX unless the '--jsx' flag is provided.
src/components/features/marketplace/MapView.tsx(237,43): error TS17004: Cannot use JSX unless the '--jsx' flag is provided.
src/components/features/marketplace/MapView.tsx(240,9): error TS17004: Cannot use JSX unless the '--jsx' flag is provided.
src/components/features/marketplace/MapView.tsx(247,11): error TS17004: Cannot use JSX unless the '--jsx' flag is provided.
src/components/features/marketplace/MapView.tsx(248,11): error TS17004: Cannot use JSX unless the '--jsx' flag is provided.
src/components/features/marketplace/MapView.tsx(249,11): error TS17004: Cannot use JSX unless the '--jsx' flag is provided.
src/components/features/marketplace/MapView.tsx(250,11): error TS17004: Cannot use JSX unless the '--jsx' flag is provided.
src/components/features/marketplace/MapView.tsx(251,11): error TS17004: Cannot use JSX unless the '--jsx' flag is provided.
src/components/features/marketplace/MapView.tsx(257,13): error TS17004: Cannot use JSX unless the '--jsx' flag is provided.
src/components/features/marketplace/MapView.tsx(266,17): error TS17004: Cannot use JSX unless the '--jsx' flag is provided.
src/components/features/marketplace/MapView.tsx(306,19): error TS17004: Cannot use JSX unless the '--jsx' flag is provided.
src/components/features/marketplace/MapView.tsx(311,21): error TS17004: Cannot use JSX unless the '--jsx' flag is provided.
src/components/features/marketplace/MapView.tsx(312,23): error TS17004: Cannot use JSX unless the '--jsx' flag is provided.
src/components/features/marketplace/MapView.tsx(327,25): error TS17004: Cannot use JSX unless the '--jsx' flag is provided.
src/components/features/marketplace/MapView.tsx(329,27): error TS17004: Cannot use JSX unless the '--jsx' flag is provided.
src/components/features/marketplace/MapView.tsx(330,29): error TS17004: Cannot use JSX unless the '--jsx' flag is provided.
src/components/features/marketplace/MapView.tsx(337,31): error TS17004: Cannot use JSX unless the '--jsx' flag is provided.
src/components/features/marketplace/MapView.tsx(339,29): error TS17004: Cannot use JSX unless the '--jsx' flag is provided.
src/components/features/marketplace/MapView.tsx(346,31): error TS17004: Cannot use JSX unless the '--jsx' flag is provided.
src/components/features/marketplace/MapView.tsx(351,27): error TS17004: Cannot use JSX unless the '--jsx' flag is provided.
src/components/features/marketplace/MapView.tsx(353,31): error TS17004: Cannot use JSX unless the '--jsx' flag is provided.
src/components/features/marketplace/MapView.tsx(373,5): error TS17004: Cannot use JSX unless the '--jsx' flag is provided.
src/components/features/marketplace/MapView.tsx(374,7): error TS17004: Cannot use JSX unless the '--jsx' flag is provided.
src/components/features/marketplace/MapView.tsx(379,9): error TS17004: Cannot use JSX unless the '--jsx' flag is provided.
src/components/features/marketplace/MapView.tsx(380,11): error TS17004: Cannot use JSX unless the '--jsx' flag is provided.
src/components/features/marketplace/MapView.tsx(381,11): error TS17004: Cannot use JSX unless the '--jsx' flag is provided.
